// Jest Snapshot v1, https://goo.gl/fbAQLP

exports[`AppComponent should do match with snapshot 1`] = `
<div
  id="root2"
>
  <main
    class="container"
  >
    <h1>
      Prueba t√©cnica
    </h1>
    <hr />
    <app-form />
    <app-result />
  </main>
</div>
`;
